                                                                                                    [0m
 [0m[48;5;15m                                                                                                  [0m [0m
 [0m[1m[38;5;16mT1[0m[48;5;15m                                                                                                [0m [0m
 [0m[48;5;15m                                                                                                  [0m [0m
 [0m[38;5;16mPara with [0m[1m[38;5;16mb[0m[38;5;16m and [0m[3m[38;5;16mi[0m[38;5;16m and c and [0m[4m[38;5;21mL[0m[38;5;16m and <span class='z'>html</span> inline end.[0m[48;5;15m                         [0m [0m
 [0m[48;5;15m                                                                                                  [0m [0m
 [0m[38;5;16m#5? not heading ======[0m[48;5;15m                                                                            [0m [0m
 [0m[48;5;15m                                                                                                  [0m [0m
 [0m[1m[38;5;16mT2[0m[48;5;15m                                                                                                [0m [0m
 [0m[1m[38;5;16ma[0m[48;5;15m                                                                                                 [0m [0m
 [0m[1m[38;5;16mb[0m[48;5;15m                                                                                                 [0m [0m
 [0m[38;5;16m1[0m[48;5;15m                                                                                                 [0m [0m
 [0m[38;5;16m2[0m[48;5;15m                                                                                                 [0m [0m
 [0m[48;5;15m                                                                                                  [0m [0m
 [0m[48;5;15m   [0m[38;5;16m• [ ] todo[0m[48;5;15m                                                                                     [0m [0m
 [0m[48;5;15m   [0m[38;5;16m• [x] done[0m[48;5;15m                                                                                     [0m [0m
 [0m[48;5;15m                                                                                                  [0m [0m
 [0m[48;5;15m        [0m[38;5;16m• nested [0m[1m[38;5;16mdeep[0m[48;5;15m                                                                             [0m [0m
 [0m[48;5;15m                                                                                                  [0m [0m
 [0m[48;5;15m  [0m[38;5;16m1.[0m[48;5;15m [0m[38;5;16mone[0m[48;5;15m                                                                                          [0m [0m
 [0m[48;5;15m  [0m[38;5;16m2.[0m[48;5;15m [0m[38;5;16mtwo[0m[48;5;15m                                                                                          [0m [0m
 [0m[48;5;15m                                                                                                  [0m [0m
 [0m[48;5;15m                                                                                                  [0m [0m
 [0m[48;5;15m     [0m[38;5;16mquote line1 quote line2 with tick[0m[48;5;15m                                                            [0m [0m
 [0m[48;5;15m                                                                                                  [0m [0m
 [0m[38;5;16mint x = 1 < 2 && 3 > 0; // <tag> &amp;[0m[48;5;15m                                                            [0m [0m
 [0m[48;5;15m                                                                                                  [0m [0m
 [0m[48;5;15m                                                                                                  [0m [0m
 [0m[38;5;16mfootnote ref[0m[4m[38;5;21m1[0m[38;5;16m here.[0m[48;5;15m                                                                               [0m [0m
 [0m[48;5;15m                                                                                                  [0m [0m
 ────────────────────────────────────────────────────────────────────────────────────────────────── [0m
 [0m[48;5;15m                                                                                                  [0m [0m
 ────────────────────────────────────────────────────────────────────────────────────────────────── [0m
 [0m[48;5;15m                                                                                                  [0m [0m
 [0m[38;5;16mtext with <hr> inline and <div>block raw</div> end.[0m[48;5;15m                                               [0m [0m
 [0m[48;5;15m                                                                                                  [0m [0m
 [0m[38;5;16m<TABLE> <TR><TD>raw tab</TD></TR> </TABLE>[0m[48;5;15m                                                        [0m [0m
 [0m[48;5;15m                                                                                                  [0m [0m
 [0m[38;5;16mafter.[0m[48;5;15m                                                                                            [0m [0m
 [0m[48;5;15m                                                                                                  [0m [0m
 ────────────────────────────────────────────────────────────────────────────────────────────────── [0m
 [0m[48;5;15m                                                                                                  [0m [0m
 [0m[48;5;15m  [0m[38;5;16m1.[0m[48;5;15m [0m[38;5;16mfoot note body [0m[4m[38;5;21m↩[0m[48;5;15m                                                                             [0m [0m
