

 T1

 Para with b and i and c and L and
 <span class='z'>html</span> inline
 end.

 T2 del *bi* link2 [img: alt9]

 Q1


      quote L1 quote L2 with ql

      indented?

         • q item1
         • q item2

              • q nested

 | 項目 | 値 | | ---- | --: | | a | -3x
 | | 長いセル内容 | -1x | | |escaped |
 x |
 not-a-table

 fn main() { println!("hi"); }


 plain fence



 tilde fence



   1. one
   2. two
   3. three

    • a
    • b

         • b1
         • b2
    • c

    • loose a

    • loose b

    • plus1
    • plus2

 ──────────────────────────────────────

 ──────────────────────────────────────

 ──────────────────────────────────────

 Foot

 Use note1 and another2.

 Misc

 Escaped *not bold* and `not code`.

 日本語の段落テキスト。全角カナ、漢字、
 ひらがな混在 ABC123。

 Mixed 日本語 and English in one line
 with <b>inline html</b> here.

 <div>html block</div>

 <a name="anchor"></a>

 Nested <a href="x">outer <a
 href="y">inner</a></a> taint case.

 Deepest H6

 文字だけの行 インデント2の行 tab
 leader

 半角カナ ABC link with bold label

 em with code inside

 bold with em inside

 End with trailing ws

 ──────────────────────────────────────

   1. First note ↩
   2. Second with bold ↩
